To honour the JVM settings for this build a single-use Daemon process will be forked. For more on this, please refer to https://docs.gradle.org/9.4.1/userguide/gradle_daemon.html#sec:disabling_the_daemon in the Gradle documentation.
Daemon will be stopped at the end of the build 
Calculating task graph as configuration cache cannot be reused because file 'app\build.gradle.kts' has changed.
> Task :app:generatePlayReleaseAssets UP-TO-DATE
> Task :app:preBuild UP-TO-DATE
> Task :app:prePlayReleaseBuild UP-TO-DATE
> Task :app:generatePlayReleaseResources UP-TO-DATE
> Task :app:extractDeepLinksPlayRelease UP-TO-DATE
> Task :app:mapPlayReleaseSourceSetPaths UP-TO-DATE
> Task :app:extractPlayReleaseVersionControlInfo UP-TO-DATE
> Task :app:packagePlayReleaseResources UP-TO-DATE
> Task :app:createPlayReleaseCompatibleScreenManifests
> Task :app:javaPreCompilePlayRelease UP-TO-DATE
> Task :app:generatePlayReleaseBuildConfig
> Task :app:extractProguardFiles UP-TO-DATE
> Task :app:mergePlayReleaseStartupProfile UP-TO-DATE
> Task :app:mergePlayReleaseJniLibFolders UP-TO-DATE
> Task :app:checkPlayReleaseDuplicateClasses UP-TO-DATE
> Task :app:writePlayReleaseAppMetadata UP-TO-DATE
> Task :app:collectPlayReleaseDependencies UP-TO-DATE
> Task :app:configurePlayReleaseDependencies UP-TO-DATE
> Task :app:parsePlayReleaseIntegrityConfig UP-TO-DATE
> Task :app:validateSigningPlayRelease UP-TO-DATE
> Task :app:mergePlayReleaseArtProfile UP-TO-DATE
> Task :app:mergePlayReleaseAssets UP-TO-DATE
> Task :app:mergePlayReleaseResources UP-TO-DATE
> Task :app:checkPlayReleaseAarMetadata UP-TO-DATE
> Task :app:processPlayReleaseNavigationResources UP-TO-DATE
> Task :app:compilePlayReleaseNavigationResources UP-TO-DATE
> Task :app:mergePlayReleaseNativeLibs UP-TO-DATE
> Task :app:stripPlayReleaseDebugSymbols UP-TO-DATE
> Task :app:extractPlayReleaseNativeSymbolTables UP-TO-DATE
> Task :app:parsePlayReleaseLocalResources UP-TO-DATE
> Task :app:generatePlayReleaseRFile UP-TO-DATE
> Task :app:processPlayReleaseMainManifest
> Task :app:processPlayReleaseManifest
> Task :app:processApplicationManifestPlayReleaseForBundle
> Task :app:processPlayReleaseManifestForPackage
> Task :app:processPlayReleaseResources
> Task :app:bundlePlayReleaseResources
> Task :app:compilePlayReleaseKotlin
w: file:///C:/CallRadar/app/src/main/java/com/callradar/app/screen/DriverMapScreen.kt:62:59 'val LocalLifecycleOwner: ProvidableCompositionLocal<LifecycleOwner>' is deprecated. Moved to lifecycle-runtime-compose library in androidx.lifecycle.compose package.
w: file:///C:/CallRadar/app/src/main/java/com/callradar/app/screen/HomeScreen.kt:403:55 'val LocalLifecycleOwner: ProvidableCompositionLocal<LifecycleOwner>' is deprecated. Moved to lifecycle-runtime-compose library in androidx.lifecycle.compose package.
w: file:///C:/CallRadar/app/src/main/java/com/callradar/app/screen/SetupGuideScreen.kt:96:26 'val LocalLifecycleOwner: ProvidableCompositionLocal<LifecycleOwner>' is deprecated. Moved to lifecycle-runtime-compose library in androidx.lifecycle.compose package.
w: file:///C:/CallRadar/app/src/main/java/com/callradar/app/screen/SetupGuideScreen.kt:512:26 'val LocalLifecycleOwner: ProvidableCompositionLocal<LifecycleOwner>' is deprecated. Moved to lifecycle-runtime-compose library in androidx.lifecycle.compose package.
w: file:///C:/CallRadar/app/src/main/java/com/callradar/app/screen/SimpleHomeScreen.kt:558:51 'val LocalLifecycleOwner: ProvidableCompositionLocal<LifecycleOwner>' is deprecated. Moved to lifecycle-runtime-compose library in androidx.lifecycle.compose package.
w: file:///C:/CallRadar/app/src/main/java/com/callradar/app/screen/SimpleHomeScreen.kt:606:63 'val LocalLifecycleOwner: ProvidableCompositionLocal<LifecycleOwner>' is deprecated. Moved to lifecycle-runtime-compose library in androidx.lifecycle.compose package.

> Task :app:processPlayReleaseJavaRes UP-TO-DATE
> Task :app:mergePlayReleaseJavaResource UP-TO-DATE
> Task :app:compilePlayReleaseJavaWithJavac
> Task :app:mergePlayReleaseGeneratedProguardFiles UP-TO-DATE
> Task :app:expandPlayReleaseArtProfileWildcards
> Task :app:minifyPlayReleaseWithR8
> Task :app:compilePlayReleaseArtProfile
> Task :app:buildPlayReleasePreBundle
> Task :app:packagePlayReleaseBundle
> Task :app:signPlayReleaseBundle
> Task :app:bundlePlayRelease
> Task :app:producePlayReleaseBundleIdeListingFile
> Task :app:createPlayReleaseBundleListingFileRedirect UP-TO-DATE

BUILD SUCCESSFUL in 4m 21s
47 actionable tasks: 17 executed, 30 up-to-date
Configuration cache entry stored.
        1 file(s) copied.
        1 file(s) copied.
        1 file(s) copied.
        1 file(s) copied.
MD5의 C:\CallRadar\_releases\v110\CallRadar-v110-3.1.0-onestore.apk 해시:
4914f1158edd9ffb89f11694245a7fb7
CertUtil: -hashfile 명령이 성공적으로 완료되었습니다.
BP110_DONE 
