Starting a Gradle Daemon (subsequent builds will be faster)
Calculating task graph as no cached configuration is available for tasks: assembleOnestoreDebug
> Task :app:generateOnestoreDebugAssets UP-TO-DATE
> Task :app:preBuild UP-TO-DATE
> Task :app:preOnestoreDebugBuild UP-TO-DATE
> Task :app:mergeOnestoreDebugNativeDebugMetadata NO-SOURCE
> Task :app:generateOnestoreDebugResources UP-TO-DATE
> Task :app:javaPreCompileOnestoreDebug UP-TO-DATE
> Task :app:generateOnestoreDebugGlobalSynthetics UP-TO-DATE
> Task :app:desugarOnestoreDebugFileDependencies UP-TO-DATE
> Task :app:mapOnestoreDebugSourceSetPaths UP-TO-DATE
> Task :app:packageOnestoreDebugResources UP-TO-DATE
> Task :app:extractDeepLinksOnestoreDebug UP-TO-DATE
> Task :app:createOnestoreDebugCompatibleScreenManifests
> Task :app:mergeOnestoreDebugJniLibFolders UP-TO-DATE
> Task :app:generateOnestoreDebugBuildConfig
> Task :app:validateSigningOnestoreDebug UP-TO-DATE
> Task :app:writeOnestoreDebugAppMetadata UP-TO-DATE
> Task :app:writeOnestoreDebugSigningConfigVersions UP-TO-DATE
> Task :app:checkOnestoreDebugAarMetadata UP-TO-DATE
> Task :app:mergeOnestoreDebugAssets UP-TO-DATE
> Task :app:checkOnestoreDebugDuplicateClasses UP-TO-DATE
> Task :app:mergeOnestoreDebugResources UP-TO-DATE
> Task :app:mergeLibDexOnestoreDebug UP-TO-DATE
> Task :app:compressOnestoreDebugAssets UP-TO-DATE
> Task :app:mergeOnestoreDebugNativeLibs UP-TO-DATE
> Task :app:stripOnestoreDebugDebugSymbols UP-TO-DATE
> Task :app:processOnestoreDebugNavigationResources UP-TO-DATE
> Task :app:parseOnestoreDebugLocalResources UP-TO-DATE
> Task :app:generateOnestoreDebugRFile UP-TO-DATE
> Task :app:compileOnestoreDebugNavigationResources UP-TO-DATE
> Task :app:mergeExtDexOnestoreDebug UP-TO-DATE
> Task :app:processOnestoreDebugMainManifest
> Task :app:processOnestoreDebugManifest
> Task :app:processOnestoreDebugManifestForPackage
> Task :app:processOnestoreDebugResources
> Task :app:compileOnestoreDebugKotlin
e: file:///C:/CallRadar/app/src/main/java/com/callradar/app/NaviIntentReceiver.kt:1282:82 Argument type mismatch: actual type is 'JSONObject', but 'Context' was expected.

> Task :app:compileOnestoreDebugKotlin FAILED

FAILURE: Build failed with an exception.

* What went wrong:
Execution failed for task ':app:compileOnestoreDebugKotlin'.
> A failure occurred while executing org.jetbrains.kotlin.compilerRunner.GradleCompilerRunnerWithWorkers$GradleKotlinCompilerWorkAction
   > Compilation error. See log for more details

* Try:
> Run with --stacktrace option to get the stack trace.
> Run with --info or --debug option to get more log output.
> Run with --scan to get full insights from a Build Scan (powered by Develocity).
> Get more help at https://help.gradle.org.

BUILD FAILED in 1m 22s
31 actionable tasks: 7 executed, 24 up-to-date
Configuration cache entry stored.
