Reusing configuration cache.
> Task :app:preBuild UP-TO-DATE
> Task :app:preOnestoreDebugBuild UP-TO-DATE
> Task :app:generateOnestoreDebugBuildConfig UP-TO-DATE
> Task :app:generateOnestoreDebugResources UP-TO-DATE
> Task :app:packageOnestoreDebugResources UP-TO-DATE
> Task :app:processOnestoreDebugNavigationResources UP-TO-DATE
> Task :app:parseOnestoreDebugLocalResources UP-TO-DATE
> Task :app:generateOnestoreDebugRFile UP-TO-DATE
> Task :app:compileOnestoreDebugKotlin
w: file:///C:/CallRadar/app/src/main/java/com/callradar/app/LocationTrackingService.kt:92:13 'fun stopForeground(p0: Boolean): Unit' is deprecated. Deprecated in Java.
w: file:///C:/CallRadar/app/src/main/java/com/callradar/app/ScreenCaptureService.kt:103:36 'fun <T : Parcelable!> getParcelableExtra(p0: String!): T?' is deprecated. Deprecated in Java.
w: file:///C:/CallRadar/app/src/main/java/com/callradar/app/screen/DriverMapScreen.kt:62:59 'val LocalLifecycleOwner: ProvidableCompositionLocal<LifecycleOwner>' is deprecated. Moved to lifecycle-runtime-compose library in androidx.lifecycle.compose package.
w: file:///C:/CallRadar/app/src/main/java/com/callradar/app/screen/HomeScreen.kt:366:55 'val LocalLifecycleOwner: ProvidableCompositionLocal<LifecycleOwner>' is deprecated. Moved to lifecycle-runtime-compose library in androidx.lifecycle.compose package.
w: file:///C:/CallRadar/app/src/main/java/com/callradar/app/screen/RecordsScreen.kt:299:58 'val LocalLifecycleOwner: ProvidableCompositionLocal<LifecycleOwner>' is deprecated. Moved to lifecycle-runtime-compose library in androidx.lifecycle.compose package.
w: file:///C:/CallRadar/app/src/main/java/com/callradar/app/screen/SetupGuideScreen.kt:96:26 'val LocalLifecycleOwner: ProvidableCompositionLocal<LifecycleOwner>' is deprecated. Moved to lifecycle-runtime-compose library in androidx.lifecycle.compose package.
w: file:///C:/CallRadar/app/src/main/java/com/callradar/app/screen/SetupGuideScreen.kt:512:26 'val LocalLifecycleOwner: ProvidableCompositionLocal<LifecycleOwner>' is deprecated. Moved to lifecycle-runtime-compose library in androidx.lifecycle.compose package.
w: file:///C:/CallRadar/app/src/main/java/com/callradar/app/screen/SimpleHomeScreen.kt:503:51 'val LocalLifecycleOwner: ProvidableCompositionLocal<LifecycleOwner>' is deprecated. Moved to lifecycle-runtime-compose library in androidx.lifecycle.compose package.
w: file:///C:/CallRadar/app/src/main/java/com/callradar/app/screen/SimpleHomeScreen.kt:551:63 'val LocalLifecycleOwner: ProvidableCompositionLocal<LifecycleOwner>' is deprecated. Moved to lifecycle-runtime-compose library in androidx.lifecycle.compose package.

BUILD SUCCESSFUL in 1m 4s
7 actionable tasks: 1 executed, 6 up-to-date
Configuration cache entry reused.
