Performing Streamed Install
Success
  bash arg: -p
  bash arg: com.callradar.app
  bash arg: -c
  bash arg: android.intent.category.LAUNCHER
  bash arg: 1
args: [-p, com.callradar.app, -c, android.intent.category.LAUNCHER, 1]
 arg: "-p"
 arg: "com.callradar.app"
 arg: "-c"
 arg: "android.intent.category.LAUNCHER"
 arg: "1"
data="com.callradar.app"
data="android.intent.category.LAUNCHER"
Events injected: 1
## Network stats: elapsed time=21ms (0ms mobile, 0ms wifi, 21ms not connected)
UI hierchary dumped to: /sdcard/u6.xml
/sdcard/u6.xml: 1 file pulled, 0 skipped. 9.8 MB/s (32163 bytes in 0.003s)
/sdcard/s105.png: 1 file pulled, 0 skipped. 63.7 MB/s (178271 bytes in 0.003s)
INST5_DONE 
