To honour the JVM settings for this build a single-use Daemon process will be forked. For more on this, please refer to https://docs.gradle.org/9.4.1/userguide/gradle_daemon.html#sec:disabling_the_daemon in the Gradle documentation.
Daemon will be stopped at the end of the build 
Reusing configuration cache.
> Task :app:preBuild UP-TO-DATE
> Task :app:generatePlayReleaseAssets UP-TO-DATE
> Task :app:prePlayReleaseBuild UP-TO-DATE
> Task :app:javaPreCompilePlayRelease UP-TO-DATE
> Task :app:generatePlayReleaseResources UP-TO-DATE
> Task :app:generatePlayReleaseBuildConfig UP-TO-DATE
> Task :app:mergePlayReleaseJniLibFolders UP-TO-DATE
> Task :app:mapPlayReleaseSourceSetPaths UP-TO-DATE
> Task :app:createPlayReleaseCompatibleScreenManifests UP-TO-DATE
> Task :app:extractDeepLinksPlayRelease UP-TO-DATE
> Task :app:packagePlayReleaseResources UP-TO-DATE
> Task :app:extractProguardFiles UP-TO-DATE
> Task :app:mergePlayReleaseStartupProfile UP-TO-DATE
> Task :app:mergePlayReleaseAssets UP-TO-DATE
> Task :app:mergePlayReleaseArtProfile UP-TO-DATE
> Task :app:processPlayReleaseNavigationResources UP-TO-DATE
> Task :app:checkPlayReleaseAarMetadata UP-TO-DATE
> Task :app:mergePlayReleaseResources UP-TO-DATE
> Task :app:mergePlayReleaseNativeLibs UP-TO-DATE
> Task :app:compilePlayReleaseNavigationResources UP-TO-DATE
> Task :app:validateSigningPlayRelease UP-TO-DATE
> Task :app:stripPlayReleaseDebugSymbols UP-TO-DATE
> Task :app:parsePlayReleaseLocalResources UP-TO-DATE
> Task :app:writePlayReleaseAppMetadata UP-TO-DATE
> Task :app:compressPlayReleaseAssets UP-TO-DATE
> Task :app:extractPlayReleaseNativeSymbolTables UP-TO-DATE
> Task :app:writePlayReleaseSigningConfigVersions UP-TO-DATE
> Task :app:mergePlayReleaseNativeDebugMetadata NO-SOURCE
> Task :app:generatePlayReleaseRFile UP-TO-DATE
> Task :app:checkPlayReleaseDuplicateClasses UP-TO-DATE
> Task :app:collectPlayReleaseDependencies UP-TO-DATE
> Task :app:sdkPlayReleaseDependencyData UP-TO-DATE
> Task :app:processPlayReleaseMainManifest UP-TO-DATE
> Task :app:processPlayReleaseManifest UP-TO-DATE
> Task :app:processPlayReleaseManifestForPackage UP-TO-DATE
> Task :app:extractPlayReleaseVersionControlInfo
> Task :app:processPlayReleaseResources UP-TO-DATE
> Task :app:optimizePlayReleaseResources UP-TO-DATE
> Task :app:compilePlayReleaseKotlin
w: file:///C:/CallRadar/app/src/main/java/com/callradar/app/screen/SimpleHomeScreen.kt:503:51 'val LocalLifecycleOwner: ProvidableCompositionLocal<LifecycleOwner>' is deprecated. Moved to lifecycle-runtime-compose library in androidx.lifecycle.compose package.
w: file:///C:/CallRadar/app/src/main/java/com/callradar/app/screen/SimpleHomeScreen.kt:551:63 'val LocalLifecycleOwner: ProvidableCompositionLocal<LifecycleOwner>' is deprecated. Moved to lifecycle-runtime-compose library in androidx.lifecycle.compose package.

> Task :app:processPlayReleaseJavaRes UP-TO-DATE
> Task :app:mergePlayReleaseJavaResource UP-TO-DATE
> Task :app:compilePlayReleaseJavaWithJavac UP-TO-DATE
> Task :app:mergePlayReleaseGeneratedProguardFiles UP-TO-DATE
> Task :app:expandPlayReleaseArtProfileWildcards
> Task :app:minifyPlayReleaseWithR8
> Task :app:compilePlayReleaseArtProfile
> Task :app:packagePlayRelease
> Task :app:assemblePlayRelease
> Task :app:createPlayReleaseApkListingFileRedirect UP-TO-DATE

BUILD SUCCESSFUL in 4m 54s
44 actionable tasks: 6 executed, 38 up-to-date
Configuration cache entry reused.
