On branch master
Your branch is ahead of 'origin/master' by 33 commits.
  (use "git push" to publish your local commits)

Changes not staged for commit:
  (use "git add <file>..." to update what will be committed)
  (use "git restore <file>..." to discard changes in working directory)
	modified:   server (new commits)
	modified:   "\355\227\254\354\212\244\354\262\264\355\201\254_\353\260\233\352\270\260.bat"

Untracked files:
  (use "git add <file>..." to include in what will be committed)
	.apk.log
	.build.log
	.commitmsg.txt
	.growth.json
	.kotlin/
	_aab97.log
	_alive.txt
	_alive2.txt
	_am.json
	_aml_1788043973.txt
	_an2_1788017520.txt
	_an_1788017144.txt
	_api_1787964619.txt
	_api_1787964791.txt
	_api_1787964936.txt
	_api_1787965115.txt
	_api_1787965325.txt
	_api_1787965372.txt
	_b.ps1
	_bl_1787963442.log
	_bl_1788042342.txt
	_boot_1787996543.txt
	_boot_1788006252.txt
	_bug_108.json
	_bug_592.json
	_chk_1.json
	_chk_163.json
	_cl_1787963355.log
	_cl_1788011873.log
	_cl_1788042599.log
	_cl_1788044418.log
	_cl_1788044736.log
	_cl_1788044780.log
	_cl_1788047172.log
	_cleanup_fuse.bat
	_cmd.log
	_cmd2.bat
	_cmd2.log
	_cmdsrc.txt
	_compile.log
	_dump.txt
	_e.ps1
	_evapieventsdays.json
	_evlog_1788011305.txt
	_f.ps1
	_fetch_1788006832.txt
	_g2_1787964675.log
	_g3_1787965167.log
	_g4_1787965423.log
	_g5_1788007963.log
	_g6_1788009030.log
	_g7_1788010218.log
	_g8_1788011956.log
	_g9_1788013554.log
	_g_1787964249.log
	_ga_1788013941.log
	_gb_1788016217.log
	_gc_1788017336.log
	_gd_1788039217.log
	_ge_1788040673.log
	_gf_1788041008.log
	_gg_1788041564.log
	_gh_1788042653.log
	_gi_1788042838.log
	_gitcheck.txt
	_gj_1788043780.log
	_gk_1788044386.log
	_gl_1788044485.log
	_gm_1788044815.log
	_gn_1788047230.log
	_gp_1788101909.log
	_i.bat
	_i.log
	_l_1788039089.txt
	_lc.txt
	_msg.txt
	_msg1.txt
	_msg2.txt
	_msg3.txt
	_msg4.txt
	_msg5.txt
	_msg6.txt
	_msg7.txt
	_ocr_dbg.bat
	_ocr_dbg.log
	_ok_.txt
	_ok_1787963355.txt
	_ok_1787963442.txt
	_ok_1787963541.txt
	_ok_1787963565.txt
	_ok_1787963585.txt
	_ok_1787963620.txt
	_ok_1787963648.txt
	_ok_1787963669.txt
	_ok_1787963691.txt
	_ok_1787963719.txt
	_ok_1787963755.txt
	_ok_1787963785.txt
	_ok_1787963808.txt
	_ok_1787963850.txt
	_ok_1787963885.txt
	_ok_1787963927.txt
	_ok_1787963956.txt
	_ok_1787963988.txt
	_ok_1787964010.txt
	_ok_1787964062.txt
	_ok_1787964083.txt
	_ok_1787964106.txt
	_ok_1787964136.txt
	_ok_1787964166.txt
	_ok_1787964187.txt
	_ok_1787964208.txt
	_ok_1787964249.txt
	_ok_1787964540.txt
	_ok_1787964605.txt
	_ok_1787964619.txt
	_ok_1787964675.txt
	_ok_1787964791.txt
	_ok_1787964936.txt
	_ok_1787965115.txt
	_ok_1787965167.txt
	_ok_1787965325.txt
	_ok_1787965372.txt
	_ok_1787965423.txt
	_ok_1787996543.txt
	_ok_1788006252.txt
	_ok_1788006832.txt
	_ok_1788007963.txt
	_ok_1788008150.txt
	_ok_1788009030.txt
	_ok_1788011305.txt
	_ok_1788011873.txt
	_ok_1788011956.txt
	_ok_1788013554.txt
	_ok_1788013941.txt
	_ok_1788016217.txt
	_ok_1788017064.txt
	_ok_1788017144.txt
	_ok_1788017336.txt
	_ok_1788017520.txt
	_ok_1788039089.txt
	_ok_1788039217.txt
	_ok_1788039411.txt
	_ok_1788040673.txt
	_ok_1788040866.txt
	_ok_1788041008.txt
	_ok_1788041564.txt
	_ok_1788042342.txt
	_ok_1788042599.txt
	_ok_1788042653.txt
	_ok_1788042838.txt
	_ok_1788043780.txt
	_ok_1788043973.txt
	_ok_1788044386.txt
	_ok_1788044418.txt
	_ok_1788044485.txt
	_ok_1788044736.txt
	_ok_1788044780.txt
	_ok_1788044815.txt
	_ok_1788047172.txt
	_ok_1788047230.txt
	_ok_1788101909.txt
	_out_197931109.log
	_out_2651827120.log
	_out_2904932602.log
	_p.bat
	_p.log
	_p1788102168.txt
	_pf_1787964605.xml
	_ping4.txt
	_pkg.txt
	_prefs.xml
	_probe.txt
	_q.ps1
	_qlog_1788017064.txt
	_r.txt
	_r95.bat
	_r95.log
	_r96.bat
	_r96.log
	_r97.log
	_rapihealthanomaliesdays60.json
	_rapirhythm460.json
	_rapistats2460.json
	_rel.txt
	_runner.bat
	_runner2.bat
	_screen.png
	_screen2.png
	_shot/
	_srv_commit.bat
	_srv_commit.log
	_srv_msg.txt
	_srv_push.bat
	_srv_push.log
	_ss2_1787963850.png
	_ss3_1787963885.png
	_ss4_1787963927.png
	_ss5_1787963956.png
	_ss6_1787964010.png
	_ss_1787963808.png
	_t.log
	_t26.json
	_t460.json
	_tr_103.json
	_tr_108.json
	_tr_163.json
	_tr_592.json
	_u_1787963541.xml
	_u_1787963565.xml
	_u_1787963585.xml
	_u_1787963620.xml
	_u_1787963648.xml
	_u_1787963669.xml
	_u_1787963691.xml
	_u_1787963719.xml
	_u_1787963755.xml
	_u_1787963785.xml
	_u_1787963988.xml
	_u_1787964062.xml
	_u_1787964083.xml
	_u_1787964106.xml
	_u_1787964136.xml
	_u_1787964166.xml
	_u_1787964187.xml
	_u_1787964208.xml
	_u_1787964540.xml
	_v.ps1
	_v2.ps1
	_v_1788102168.log
	_ver_1788008150.txt
	_vl_1788039411.txt
	_z.json
	_zl_1788040866.txt
	"docs/\354\234\204\354\271\230\354\240\225\353\263\264\354\247\200\354\233\220\354\204\274\355\204\260_\355\232\214\354\213\240\354\240\225\353\246\254.md"
	tmp_b.log
	tmp_b.ps1
	tmp_c.log
	tmp_d.log
	tmp_d.ps1
	"\354\235\270\352\263\204_2026-08-25.md"
	"\354\235\270\352\263\204_2026-08-26.md"

no changes added to commit (use "git add" and/or "git commit -a")
bc0860b charter: check the date - four entries were filed under the previous day after midnight
