Calculating task graph as configuration cache cannot be reused because file 'app\build.gradle.kts' has changed.
> Task :app:generatePlayReleaseAssets UP-TO-DATE
> Task :app:preBuild UP-TO-DATE
> Task :app:prePlayReleaseBuild UP-TO-DATE
> Task :app:extractProguardFiles UP-TO-DATE
> Task :app:mapPlayReleaseSourceSetPaths UP-TO-DATE
> Task :app:generatePlayReleaseResources UP-TO-DATE
> Task :app:extractDeepLinksPlayRelease UP-TO-DATE
> Task :app:checkPlayReleaseAarMetadata UP-TO-DATE
> Task :app:checkPlayReleaseDuplicateClasses UP-TO-DATE
> Task :app:processPlayReleaseNavigationResources UP-TO-DATE
> Task :app:createPlayReleaseCompatibleScreenManifests
> Task :app:packagePlayReleaseResources UP-TO-DATE
> Task :app:compilePlayReleaseNavigationResources UP-TO-DATE
> Task :app:parsePlayReleaseLocalResources UP-TO-DATE
> Task :app:javaPreCompilePlayRelease UP-TO-DATE
> Task :app:generatePlayReleaseRFile UP-TO-DATE
> Task :app:mergePlayReleaseStartupProfile UP-TO-DATE
> Task :app:writePlayReleaseAppMetadata UP-TO-DATE
> Task :app:mergePlayReleaseJniLibFolders UP-TO-DATE
> Task :app:mergePlayReleaseArtProfile UP-TO-DATE
> Task :app:parsePlayReleaseIntegrityConfig UP-TO-DATE
> Task :app:validateSigningPlayRelease UP-TO-DATE
> Task :app:collectPlayReleaseDependencies UP-TO-DATE
> Task :app:generatePlayReleaseBuildConfig
> Task :app:configurePlayReleaseDependencies UP-TO-DATE
> Task :app:mergePlayReleaseNativeLibs UP-TO-DATE
> Task :app:stripPlayReleaseDebugSymbols UP-TO-DATE
> Task :app:extractPlayReleaseNativeSymbolTables UP-TO-DATE
> Task :app:mergePlayReleaseAssets UP-TO-DATE
> Task :app:mergePlayReleaseResources UP-TO-DATE
> Task :app:extractPlayReleaseVersionControlInfo
> Task :app:processPlayReleaseMainManifest
> Task :app:processPlayReleaseManifest
> Task :app:processApplicationManifestPlayReleaseForBundle
> Task :app:processPlayReleaseManifestForPackage
> Task :app:processPlayReleaseResources
> Task :app:bundlePlayReleaseResources
> Task :app:compilePlayReleaseKotlin
w: file:///C:/CallRadar/app/src/main/java/com/callradar/app/screen/DriverMapScreen.kt:62:59 'val LocalLifecycleOwner: ProvidableCompositionLocal<LifecycleOwner>' is deprecated. Moved to lifecycle-runtime-compose library in androidx.lifecycle.compose package.
w: file:///C:/CallRadar/app/src/main/java/com/callradar/app/screen/HomeScreen.kt:351:55 'val LocalLifecycleOwner: ProvidableCompositionLocal<LifecycleOwner>' is deprecated. Moved to lifecycle-runtime-compose library in androidx.lifecycle.compose package.
w: file:///C:/CallRadar/app/src/main/java/com/callradar/app/screen/MoreScreen.kt:71:73 'static field SOFT_INPUT_ADJUST_RESIZE: Int' is deprecated. Deprecated in Java.
w: file:///C:/CallRadar/app/src/main/java/com/callradar/app/screen/RecordsScreen.kt:58:73 'static field SOFT_INPUT_ADJUST_RESIZE: Int' is deprecated. Deprecated in Java.
w: file:///C:/CallRadar/app/src/main/java/com/callradar/app/screen/RecordsScreen.kt:277:58 'val LocalLifecycleOwner: ProvidableCompositionLocal<LifecycleOwner>' is deprecated. Moved to lifecycle-runtime-compose library in androidx.lifecycle.compose package.

> Task :app:processPlayReleaseJavaRes
> Task :app:compilePlayReleaseJavaWithJavac
> Task :app:mergePlayReleaseGeneratedProguardFiles
> Task :app:expandPlayReleaseArtProfileWildcards
> Task :app:mergePlayReleaseJavaResource
> Task :app:minifyPlayReleaseWithR8
> Task :app:compilePlayReleaseArtProfile
> Task :app:buildPlayReleasePreBundle
> Task :app:packagePlayReleaseBundle
> Task :app:signPlayReleaseBundle
> Task :app:bundlePlayRelease
> Task :app:producePlayReleaseBundleIdeListingFile
> Task :app:createPlayReleaseBundleListingFileRedirect UP-TO-DATE

BUILD SUCCESSFUL in 3m 16s
47 actionable tasks: 21 executed, 26 up-to-date
Configuration cache entry stored.
C:\CallRadar>