Starting a Gradle Daemon, 1 incompatible and 1 stopped Daemons could not be reused, use --status for details
Calculating task graph as configuration cache cannot be reused because file 'app\build.gradle.kts' has changed.
> Task :app:preBuild UP-TO-DATE
> Task :app:preOnestoreDebugBuild UP-TO-DATE
> Task :app:generateOnestoreDebugResources UP-TO-DATE
> Task :app:packageOnestoreDebugResources UP-TO-DATE
> Task :app:generateOnestoreDebugBuildConfig
> Task :app:processOnestoreDebugNavigationResources UP-TO-DATE
> Task :app:parseOnestoreDebugLocalResources UP-TO-DATE
> Task :app:generateOnestoreDebugRFile UP-TO-DATE
> Task :app:compileOnestoreDebugKotlin
w: file:///C:/CallRadar/app/src/main/java/com/callradar/app/screen/DriverMapScreen.kt:62:59 'val LocalLifecycleOwner: ProvidableCompositionLocal<LifecycleOwner>' is deprecated. Moved to lifecycle-runtime-compose library in androidx.lifecycle.compose package.
w: file:///C:/CallRadar/app/src/main/java/com/callradar/app/screen/HomeScreen.kt:351:55 'val LocalLifecycleOwner: ProvidableCompositionLocal<LifecycleOwner>' is deprecated. Moved to lifecycle-runtime-compose library in androidx.lifecycle.compose package.
w: file:///C:/CallRadar/app/src/main/java/com/callradar/app/screen/RecordsScreen.kt:58:73 'static field SOFT_INPUT_ADJUST_RESIZE: Int' is deprecated. Deprecated in Java.
w: file:///C:/CallRadar/app/src/main/java/com/callradar/app/screen/RecordsScreen.kt:280:58 'val LocalLifecycleOwner: ProvidableCompositionLocal<LifecycleOwner>' is deprecated. Moved to lifecycle-runtime-compose library in androidx.lifecycle.compose package.
w: file:///C:/CallRadar/app/src/main/java/com/callradar/app/screen/SetupGuideScreen.kt:82:26 'val LocalLifecycleOwner: ProvidableCompositionLocal<LifecycleOwner>' is deprecated. Moved to lifecycle-runtime-compose library in androidx.lifecycle.compose package.
w: file:///C:/CallRadar/app/src/main/java/com/callradar/app/screen/SetupGuideScreen.kt:458:26 'val LocalLifecycleOwner: ProvidableCompositionLocal<LifecycleOwner>' is deprecated. Moved to lifecycle-runtime-compose library in androidx.lifecycle.compose package.

BUILD SUCCESSFUL in 2m 10s
7 actionable tasks: 2 executed, 5 up-to-date
Configuration cache entry stored.
