Calculating task graph as no cached configuration is available for tasks: :app:bundlePlayRelease
> Task :app:generatePlayReleaseAssets UP-TO-DATE
> Task :app:preBuild UP-TO-DATE
> Task :app:prePlayReleaseBuild UP-TO-DATE
> Task :app:generatePlayReleaseResources UP-TO-DATE
> Task :app:mapPlayReleaseSourceSetPaths UP-TO-DATE
> Task :app:extractPlayReleaseVersionControlInfo UP-TO-DATE
> Task :app:packagePlayReleaseResources UP-TO-DATE
> Task :app:javaPreCompilePlayRelease UP-TO-DATE
> Task :app:desugarPlayReleaseFileDependencies UP-TO-DATE
> Task :app:extractDeepLinksPlayRelease UP-TO-DATE
> Task :app:mergePlayReleaseStartupProfile UP-TO-DATE
> Task :app:checkPlayReleaseAarMetadata UP-TO-DATE
> Task :app:mergePlayReleaseAssets UP-TO-DATE
> Task :app:writePlayReleaseAppMetadata UP-TO-DATE
> Task :app:generatePlayReleaseBuildConfig
> Task :app:mergePlayReleaseJniLibFolders UP-TO-DATE
> Task :app:collectPlayReleaseDependencies UP-TO-DATE
> Task :app:configurePlayReleaseDependencies UP-TO-DATE
> Task :app:parsePlayReleaseIntegrityConfig UP-TO-DATE
> Task :app:validateSigningPlayRelease UP-TO-DATE
> Task :app:mergePlayReleaseArtProfile UP-TO-DATE
> Task :app:mergePlayReleaseNativeLibs UP-TO-DATE
> Task :app:stripPlayReleaseDebugSymbols UP-TO-DATE
> Task :app:extractPlayReleaseNativeSymbolTables UP-TO-DATE
> Task :app:checkPlayReleaseDuplicateClasses UP-TO-DATE
> Task :app:processPlayReleaseNavigationResources UP-TO-DATE
> Task :app:createPlayReleaseCompatibleScreenManifests
> Task :app:compilePlayReleaseNavigationResources UP-TO-DATE
> Task :app:parsePlayReleaseLocalResources UP-TO-DATE
> Task :app:generatePlayReleaseRFile UP-TO-DATE
> Task :app:mergePlayReleaseResources UP-TO-DATE
> Task :app:mergeExtDexPlayRelease UP-TO-DATE
> Task :app:processPlayReleaseMainManifest
> Task :app:processPlayReleaseManifest
> Task :app:processApplicationManifestPlayReleaseForBundle
> Task :app:processPlayReleaseManifestForPackage
> Task :app:processPlayReleaseResources
> Task :app:bundlePlayReleaseResources

> Task :app:compilePlayReleaseKotlin
w: file:///C:/CallRadar/app/src/main/java/com/callradar/app/screen/DriverMapScreen.kt:60:59 'val LocalLifecycleOwner: ProvidableCompositionLocal<LifecycleOwner>' is deprecated. Moved to lifecycle-runtime-compose library in androidx.lifecycle.compose package.
w: file:///C:/CallRadar/app/src/main/java/com/callradar/app/screen/HomeScreen.kt:350:55 'val LocalLifecycleOwner: ProvidableCompositionLocal<LifecycleOwner>' is deprecated. Moved to lifecycle-runtime-compose library in androidx.lifecycle.compose package.

> Task :app:processPlayReleaseJavaRes UP-TO-DATE
> Task :app:mergePlayReleaseJavaResource UP-TO-DATE
> Task :app:compilePlayReleaseJavaWithJavac
> Task :app:dexBuilderPlayRelease
> Task :app:mergePlayReleaseGlobalSynthetics UP-TO-DATE
> Task :app:mergeDexPlayRelease
> Task :app:buildPlayReleasePreBundle
> Task :app:compilePlayReleaseArtProfile
> Task :app:packagePlayReleaseBundle
> Task :app:signPlayReleaseBundle
> Task :app:bundlePlayRelease
> Task :app:producePlayReleaseBundleIdeListingFile
> Task :app:createPlayReleaseBundleListingFileRedirect UP-TO-DATE

BUILD SUCCESSFUL in 50s
48 actionable tasks: 17 executed, 31 up-to-date
Configuration cache entry stored.
