Calculating task graph as configuration cache cannot be reused because file 'app\build.gradle.kts' has changed.
> Task :app:preBuild UP-TO-DATE
> Task :app:generateOnestoreReleaseAssets UP-TO-DATE
> Task :app:preOnestoreReleaseBuild UP-TO-DATE
> Task :app:generateOnestoreReleaseResources UP-TO-DATE
> Task :app:javaPreCompileOnestoreRelease UP-TO-DATE
> Task :app:mapOnestoreReleaseSourceSetPaths UP-TO-DATE
> Task :app:packageOnestoreReleaseResources UP-TO-DATE
> Task :app:mergeOnestoreReleaseJniLibFolders UP-TO-DATE
> Task :app:processOnestoreReleaseNavigationResources UP-TO-DATE
> Task :app:parseOnestoreReleaseLocalResources UP-TO-DATE
> Task :app:generateOnestoreReleaseRFile UP-TO-DATE
> Task :app:compileOnestoreReleaseNavigationResources UP-TO-DATE
> Task :app:checkOnestoreReleaseDuplicateClasses UP-TO-DATE
> Task :app:mergeOnestoreReleaseNativeLibs UP-TO-DATE
> Task :app:stripOnestoreReleaseDebugSymbols UP-TO-DATE
> Task :app:createOnestoreReleaseCompatibleScreenManifests
> Task :app:extractOnestoreReleaseNativeSymbolTables UP-TO-DATE
> Task :app:mergeOnestoreReleaseNativeDebugMetadata NO-SOURCE
> Task :app:checkOnestoreReleaseAarMetadata UP-TO-DATE
> Task :app:extractOnestoreReleaseVersionControlInfo UP-TO-DATE
> Task :app:mergeOnestoreReleaseArtProfile UP-TO-DATE
> Task :app:validateSigningOnestoreRelease UP-TO-DATE
> Task :app:writeOnestoreReleaseAppMetadata UP-TO-DATE
> Task :app:writeOnestoreReleaseSigningConfigVersions UP-TO-DATE
> Task :app:extractDeepLinksOnestoreRelease UP-TO-DATE
> Task :app:mergeOnestoreReleaseStartupProfile UP-TO-DATE
> Task :app:desugarOnestoreReleaseFileDependencies UP-TO-DATE
> Task :app:generateOnestoreReleaseBuildConfig
> Task :app:collectOnestoreReleaseDependencies UP-TO-DATE
> Task :app:sdkOnestoreReleaseDependencyData UP-TO-DATE
> Task :app:mergeOnestoreReleaseAssets UP-TO-DATE
> Task :app:compressOnestoreReleaseAssets UP-TO-DATE
> Task :app:mergeOnestoreReleaseResources UP-TO-DATE
> Task :app:mergeExtDexOnestoreRelease UP-TO-DATE
> Task :app:processOnestoreReleaseMainManifest
> Task :app:processOnestoreReleaseManifest
> Task :app:processOnestoreReleaseManifestForPackage
> Task :app:processOnestoreReleaseResources
> Task :app:optimizeOnestoreReleaseResources

> Task :app:compileOnestoreReleaseKotlin
w: file:///C:/CallRadar/app/src/main/java/com/callradar/app/screen/DriverMapScreen.kt:60:59 'val LocalLifecycleOwner: ProvidableCompositionLocal<LifecycleOwner>' is deprecated. Moved to lifecycle-runtime-compose library in androidx.lifecycle.compose package.
w: file:///C:/CallRadar/app/src/main/java/com/callradar/app/screen/HomeScreen.kt:350:55 'val LocalLifecycleOwner: ProvidableCompositionLocal<LifecycleOwner>' is deprecated. Moved to lifecycle-runtime-compose library in androidx.lifecycle.compose package.

> Task :app:processOnestoreReleaseJavaRes UP-TO-DATE
> Task :app:mergeOnestoreReleaseJavaResource UP-TO-DATE
> Task :app:compileOnestoreReleaseJavaWithJavac
> Task :app:dexBuilderOnestoreRelease
> Task :app:mergeOnestoreReleaseGlobalSynthetics UP-TO-DATE
> Task :app:mergeDexOnestoreRelease
> Task :app:compileOnestoreReleaseArtProfile
> Task :app:packageOnestoreRelease
> Task :app:assembleOnestoreRelease
> Task :app:createOnestoreReleaseApkListingFileRedirect

BUILD SUCCESSFUL in 53s
45 actionable tasks: 14 executed, 31 up-to-date
Configuration cache entry stored.
