=== check ===
true
d0ff8eb v53 stage3: Samsung restricted-settings accessibility guide (row in setup dialog when acc off) + proactive auto-surface after update drops accessibility (#103/#124)
 M _test/build.log
 M _test/buildrel.log
 M app/src/main/java/com/callradar/app/ImageImportActivity.kt
 M app/src/main/java/com/callradar/app/screen/RecordsScreen.kt
 M server
 M settings.gradle.kts
?? "CALLRADAR_\352\270\260\354\210\240\352\262\260\354\240\225_\352\270\260\353\241\235.md"
?? "CallRadar_\354\213\254\354\202\254\354\260\270\352\263\240\354\236\220\353\243\214.pdf"
?? HANDOVER.md
?? SPEC_NEXT_UPDATE.md
?? _ad/
?? _adb.bat
?? _apk_log.txt
?? _back.bat
?? _build48.log
?? _build_v53.bat
?? _bundle_log.txt
?? _c10.bat
?? _c11.bat
?? _c12.bat
?? _c2.bat
?? _c3.bat
?? _c4.bat
?? _c49.log
?? _c49app.log
?? _c49b.log
?? _c49build.log
?? _c49c.log
?? _c49git.log
?? _c49git2.log
?? _c49git3.log
?? _c5.bat
?? _c50.log
?? _c50aab.log
?? _c50build.log
?? _c50fin.log
?? _c50git.log
?? _c50s.log
?? _c6.bat
?? _c7.bat
?? _c8.bat
?? _c9.bat
?? _compile_log.txt
?? _cr_all.txt
?? _cr_flow.txt
?? _cr_live.txt
?? _cr_logcat.txt
?? _cr_raw.txt
?? _cr_scroll.txt
?? _cr_stream.txt
?? _cr_tmoney.txt
?? _cr_tmoney2.txt
?? _cr_utf8.txt
?? _cr_v46.txt
?? _cui.log
?? _debug_build.txt
?? _debugcert.txt
?? _dev.bat
?? _freeopen.ps1
?? _gitchk.bat
?? _gitcommit.bat
?? _grant198.ps1
?? _grant303.ps1
?? _grant65.ps1
?? _home.bat
?? _q1.png
?? _q2.png
?? _q3.png
?? _q4.png
?? _q5.png
?? _q6.png
?? _q7.png
?? _r1.png
?? _r2.png
?? _relcert.txt
?? _s1.png
?? _s2.png
?? _s3.png
?? _s4.png
?? _s5.png
?? _s6.png
?? _sales.png
?? _sc/
?? _screen.png
?? _screen2.png
?? _screen3.png
?? _seed.ps1
?? _shot.bat
?? _smoke.bat
?? _srv.bat
?? _store/
?? _t_air.png
?? _t_eff.png
?? _t_home2.png
?? _t_meter.png
?? _t_more.png
?? _t_more2.png
?? _t_off.png
?? _t_off2.png
?? _t_off3.png
?? _t_radar.png
?? _t_rec.png
?? _t_rel_radar.png
?? _t_rel_radar2.png
?? _t_rel_radar3.png
?? _t_v39.png
?? _t_v39b.png
?? _t_work.png
?? _tap.bat
?? _tapf.bat
?? _test/aab.log
?? _test/aab_v23.log
?? _test/aab_v24.log
?? _test/aab_v25.log
?? _test/aab_v26.log
?? _test/adb.log
?? _test/adb_check.bat
?? _test/adb_install.bat
?? _test/add.bat
?? _test/apk22.log
?? _test/back.bat
?? _test/build_aab.bat
?? _test/build_app.bat
?? _test/build_install22.bat
?? _test/build_release.bat
?? _test/build_v23.bat
?? _test/cap.bat
?? _test/cap1.bat
?? _test/checktrips.js
?? _test/checkval.bat
?? _test/cleanrun.bat
?? _test/cleanup.bat
?? _test/cleanup.js
?? _test/crash.log
?? _test/crashcheck.bat
?? _test/del.bat
?? _test/del2.bat
?? _test/delrun.bat
?? _test/deltrip.js
?? _test/deploy.log
?? _test/devices.bat
?? _test/devices.log
?? _test/dscroll.bat
?? _test/err.log
?? _test/gorok.bat
?? _test/idor.log
?? _test/idor1b.log
?? _test/idor_1b.bat
?? _test/idor_app.log
?? _test/idor_app_commit.bat
?? _test/idor_server.bat
?? _test/install.log
?? _test/install_check.bat
?? _test/install_check.log
?? _test/kakao.log
?? _test/kakao2.bat
?? _test/kakao_diag.bat
?? _test/launch.bat
?? _test/loop.log
?? _test/loopA.bat
?? _test/mapchk.bat
?? _test/maplog.txt
?? _test/monkey.bat
?? _test/monkey.log
?? _test/release.log
?? _test/scr2.bat
?? _test/scroll.bat
?? _test/secfix.log
?? _test/secfix_app.bat
?? _test/secfix_app.log
?? _test/secfix_server.bat
?? _test/seed.js
?? _test/seedrun.bat
?? _test/seedval.bat
?? _test/server_deploy.bat
?? _test/step.bat
?? _test/step.log
?? _test/tap.bat
?? _test/trips.log
?? _test/tripsrun.bat
?? _test/typename.bat
?? _test/ui.log
?? _test/v23.log
?? _test/val.log
?? _test/ws.log
?? _test/ws_end.bat
?? _test/ws_get.bat
?? _test/ws_start.bat
?? "_test/\354\275\234\353\240\210\354\235\264\353\215\224_v22_\355\205\214\354\212\244\355\212\270\352\262\260\352\263\274.md"
?? _test51.bat
?? _tt1.png
?? _tt2.png
?? _tt3.png
?? _tt4.png
?? _tt5.png
?? _tt6.png
?? _tt7.png
?? _tt8.png
?? _tt9.png
?? _u1.png
?? _u10.png
?? _u11.png
?? _u2.png
?? _u3.png
?? _u4.png
?? _u5.png
?? _u6.png
?? _u7.png
?? _u8.png
?? _u9.png
?? _ui.xml
?? _v37_guest.png
?? _v37_home.png
?? _v37_login.png
?? _wake.bat
?? _ws.png
?? adb.log
?? build_r1.log
?? build_v53.log
?? c10.log
?? c11.log
?? c12.log
?? c2.log
?? c3.log
?? c4.log
?? c5.log
?? c6.log
?? c7.log
?? c8.log
?? c9.log
?? console.log('ERR
?? crash.txt
?? dev.log
?? filter30.png
?? git_commit.log
?? gitchk.log
?? home51.png
?? home_now.png
?? logcat51.log
?? logcat_full.log
?? phone.png
?? radar51.png
?? radar_seed_kakao.json
?? shot.log
?? smoke.log
?? srv.log
?? tap.log
?? test51.log
?? wake.log
?? "\354\235\270\354\210\230\354\235\270\352\263\204_2026-07-31.md"
?? "\354\235\270\354\210\230\354\235\270\352\263\204_2026-08-01_v30.md"
?? "\354\275\234\353\240\210\354\235\264\353\215\224_\353\203\211\354\240\225\355\217\211\352\260\200_\354\247\204\355\231\224\354\225\210_2026-07-31.md"
?? "\354\275\234\353\240\210\354\235\264\353\215\224_\353\241\234\353\223\234\353\247\265_v20.md"
?? "\354\275\234\353\240\210\354\235\264\353\215\224_\353\252\205\354\204\270\354\204\234_\352\270\211\354\227\254\352\263\204\354\202\260\352\270\260_\354\212\244\355\216\231.md"
?? "\354\275\234\353\240\210\354\235\264\353\215\224_\354\204\270\353\254\264\352\270\260\353\212\245_\354\212\244\355\216\231.md"
