=== SERVER === 
[main d0a13b7] v58: stats/daily total/card/cash include tip+promo + bonus field (match /api/today)
 1 file changed, 4 insertions(+), 3 deletions(-)
To https://github.com/sollbe82-droid/callradar-server.git
   4808a88..d0a13b7  main -> main
=== APP COMMIT === 
warning: in the working copy of 'app/src/main/java/com/callradar/app/screen/RecordsScreen.kt', LF will be replaced by CRLF the next time Git touches it
[master 52ed664] v58/2.5.8: records revenue=fare+tip+promo (match home); separate bonus(promo/call-fee) display
 2 files changed, 15 insertions(+), 9 deletions(-)
52ed664 v58/2.5.8: records revenue=fare+tip+promo (match home); separate bonus(promo/call-fee) display
=== BUILD === 
Calculating task graph as configuration cache cannot be reused because file 'app\build.gradle.kts' has changed.
> Task :app:preBuild UP-TO-DATE
> Task :app:preOnestoreReleaseBuild UP-TO-DATE
> Task :app:generateOnestoreReleaseAssets UP-TO-DATE
> Task :app:generateOnestoreReleaseBuildConfig
> Task :app:processOnestoreReleaseNavigationResources UP-TO-DATE
> Task :app:checkOnestoreReleaseAarMetadata UP-TO-DATE
> Task :app:mergeOnestoreReleaseJniLibFolders UP-TO-DATE
> Task :app:javaPreCompileOnestoreRelease UP-TO-DATE
> Task :app:extractDeepLinksOnestoreRelease UP-TO-DATE
> Task :app:extractProguardFiles UP-TO-DATE
> Task :app:createOnestoreReleaseCompatibleScreenManifests
> Task :app:mergeOnestoreReleaseStartupProfile UP-TO-DATE
> Task :app:extractOnestoreReleaseVersionControlInfo
> Task :app:collectOnestoreReleaseDependencies UP-TO-DATE
> Task :app:mergeOnestoreReleaseAssets UP-TO-DATE
> Task :app:compressOnestoreReleaseAssets UP-TO-DATE
> Task :app:sdkOnestoreReleaseDependencyData UP-TO-DATE
> Task :app:validateSigningOnestoreRelease UP-TO-DATE
> Task :app:writeOnestoreReleaseAppMetadata UP-TO-DATE
> Task :app:writeOnestoreReleaseSigningConfigVersions UP-TO-DATE
> Task :app:generateOnestoreReleaseResources UP-TO-DATE
> Task :app:mapOnestoreReleaseSourceSetPaths UP-TO-DATE
> Task :app:compileOnestoreReleaseNavigationResources UP-TO-DATE
> Task :app:mergeOnestoreReleaseResources UP-TO-DATE
> Task :app:mergeOnestoreReleaseArtProfile UP-TO-DATE
> Task :app:packageOnestoreReleaseResources UP-TO-DATE
> Task :app:parseOnestoreReleaseLocalResources UP-TO-DATE
> Task :app:mergeOnestoreReleaseNativeLibs UP-TO-DATE
> Task :app:checkOnestoreReleaseDuplicateClasses UP-TO-DATE
> Task :app:generateOnestoreReleaseRFile UP-TO-DATE
> Task :app:stripOnestoreReleaseDebugSymbols UP-TO-DATE
> Task :app:extractOnestoreReleaseNativeSymbolTables UP-TO-DATE
> Task :app:processOnestoreReleaseMainManifest
> Task :app:mergeOnestoreReleaseNativeDebugMetadata NO-SOURCE
> Task :app:processOnestoreReleaseManifest
> Task :app:processOnestoreReleaseManifestForPackage
> Task :app:processOnestoreReleaseResources
> Task :app:optimizeOnestoreReleaseResources
> Task :app:compileOnestoreReleaseKotlin
w: file:///C:/CallRadar/app/src/main/java/com/callradar/app/screen/DriverMapScreen.kt:62:59 'val LocalLifecycleOwner: ProvidableCompositionLocal<LifecycleOwner>' is deprecated. Moved to lifecycle-runtime-compose library in androidx.lifecycle.compose package.
w: file:///C:/CallRadar/app/src/main/java/com/callradar/app/screen/HomeScreen.kt:351:55 'val LocalLifecycleOwner: ProvidableCompositionLocal<LifecycleOwner>' is deprecated. Moved to lifecycle-runtime-compose library in androidx.lifecycle.compose package.
w: file:///C:/CallRadar/app/src/main/java/com/callradar/app/screen/RecordsScreen.kt:58:73 'static field SOFT_INPUT_ADJUST_RESIZE: Int' is deprecated. Deprecated in Java.
w: file:///C:/CallRadar/app/src/main/java/com/callradar/app/screen/RecordsScreen.kt:277:58 'val LocalLifecycleOwner: ProvidableCompositionLocal<LifecycleOwner>' is deprecated. Moved to lifecycle-runtime-compose library in androidx.lifecycle.compose package.

> Task :app:processOnestoreReleaseJavaRes UP-TO-DATE
> Task :app:mergeOnestoreReleaseJavaResource UP-TO-DATE
> Task :app:compileOnestoreReleaseJavaWithJavac
> Task :app:mergeOnestoreReleaseGeneratedProguardFiles UP-TO-DATE
> Task :app:expandOnestoreReleaseArtProfileWildcards
> Task :app:minifyOnestoreReleaseWithR8
> Task :app:compileOnestoreReleaseArtProfile
> Task :app:packageOnestoreRelease
> Task :app:assembleOnestoreRelease
> Task :app:createOnestoreReleaseApkListingFileRedirect

BUILD SUCCESSFUL in 9m 15s
44 actionable tasks: 15 executed, 29 up-to-date
Configuration cache entry stored.
=== DONE === 
