=== COMMIT === 
warning: in the working copy of 'app/src/main/java/com/callradar/app/WorkSessionService.kt', LF will be replaced by CRLF the next time Git touches it
warning: in the working copy of 'app/src/main/java/com/callradar/app/screen/HomeScreen.kt', LF will be replaced by CRLF the next time Git touches it
[master 3741343] v59/2.5.9: fix work-session pause (20s two-phone pull no longer overrides fresh local pause) + distance-inflation guard (speed 40m/s, single-hop 3km)
 3 files changed, 8 insertions(+), 4 deletions(-)
3741343 v59/2.5.9: fix work-session pause (20s two-phone pull no longer overrides fresh local pause) + distance-inflation guard (speed 40m/s, single-hop 3km)
=== BUILD START === 
Calculating task graph as configuration cache cannot be reused because file 'app\build.gradle.kts' has changed.
> Task :app:preBuild UP-TO-DATE
> Task :app:generateOnestoreReleaseAssets UP-TO-DATE
> Task :app:preOnestoreReleaseBuild UP-TO-DATE
> Task :app:extractProguardFiles UP-TO-DATE
> Task :app:javaPreCompileOnestoreRelease UP-TO-DATE
> Task :app:mergeOnestoreReleaseJniLibFolders UP-TO-DATE
> Task :app:generateOnestoreReleaseResources UP-TO-DATE
> Task :app:mapOnestoreReleaseSourceSetPaths UP-TO-DATE
> Task :app:packageOnestoreReleaseResources UP-TO-DATE
> Task :app:createOnestoreReleaseCompatibleScreenManifests
> Task :app:extractDeepLinksOnestoreRelease UP-TO-DATE
> Task :app:checkOnestoreReleaseDuplicateClasses UP-TO-DATE
> Task :app:mergeOnestoreReleaseStartupProfile UP-TO-DATE
> Task :app:mergeOnestoreReleaseResources UP-TO-DATE
> Task :app:extractOnestoreReleaseVersionControlInfo
> Task :app:mergeOnestoreReleaseNativeLibs UP-TO-DATE
> Task :app:stripOnestoreReleaseDebugSymbols UP-TO-DATE
> Task :app:collectOnestoreReleaseDependencies UP-TO-DATE
> Task :app:extractOnestoreReleaseNativeSymbolTables UP-TO-DATE
> Task :app:sdkOnestoreReleaseDependencyData UP-TO-DATE
> Task :app:mergeOnestoreReleaseNativeDebugMetadata NO-SOURCE
> Task :app:validateSigningOnestoreRelease UP-TO-DATE
> Task :app:writeOnestoreReleaseAppMetadata UP-TO-DATE
> Task :app:writeOnestoreReleaseSigningConfigVersions UP-TO-DATE
> Task :app:mergeOnestoreReleaseAssets UP-TO-DATE
> Task :app:compressOnestoreReleaseAssets UP-TO-DATE
> Task :app:mergeOnestoreReleaseArtProfile UP-TO-DATE
> Task :app:checkOnestoreReleaseAarMetadata UP-TO-DATE
> Task :app:processOnestoreReleaseNavigationResources UP-TO-DATE
> Task :app:compileOnestoreReleaseNavigationResources UP-TO-DATE
> Task :app:parseOnestoreReleaseLocalResources UP-TO-DATE
> Task :app:generateOnestoreReleaseBuildConfig
> Task :app:generateOnestoreReleaseRFile UP-TO-DATE
> Task :app:processOnestoreReleaseMainManifest
> Task :app:processOnestoreReleaseManifest
> Task :app:processOnestoreReleaseManifestForPackage
> Task :app:processOnestoreReleaseResources
> Task :app:optimizeOnestoreReleaseResources
> Task :app:compileOnestoreReleaseKotlin
w: file:///C:/CallRadar/app/src/main/java/com/callradar/app/screen/DriverMapScreen.kt:62:59 'val LocalLifecycleOwner: ProvidableCompositionLocal<LifecycleOwner>' is deprecated. Moved to lifecycle-runtime-compose library in androidx.lifecycle.compose package.
w: file:///C:/CallRadar/app/src/main/java/com/callradar/app/screen/HomeScreen.kt:351:55 'val LocalLifecycleOwner: ProvidableCompositionLocal<LifecycleOwner>' is deprecated. Moved to lifecycle-runtime-compose library in androidx.lifecycle.compose package.

> Task :app:processOnestoreReleaseJavaRes UP-TO-DATE
> Task :app:mergeOnestoreReleaseJavaResource UP-TO-DATE
> Task :app:compileOnestoreReleaseJavaWithJavac
> Task :app:mergeOnestoreReleaseGeneratedProguardFiles UP-TO-DATE
> Task :app:expandOnestoreReleaseArtProfileWildcards
> Task :app:minifyOnestoreReleaseWithR8
> Task :app:compileOnestoreReleaseArtProfile
> Task :app:packageOnestoreRelease
> Task :app:assembleOnestoreRelease
> Task :app:createOnestoreReleaseApkListingFileRedirect

BUILD SUCCESSFUL in 8m 33s
44 actionable tasks: 15 executed, 29 up-to-date
Configuration cache entry stored.
=== DONE === 
